=== [zygisk-ptrace monitor] pid=1001 epoch=5263 stdio redirected ===
ReZygisk 1.0.0
handoff tracer: pid=1029 program=/system/bin/app_process64 tracer=./bin/zygisk-ptrace64 tango=no
Welcome to ReZygiskd64
=== [rezygiskd] pid=1046 epoch=1789948100 stdio redirected ===
KernelSU root implementation found (v3 ioctl).
KernelSU root implementation found.
Loading modules for architecture: arm64-v8a
Built-in module [truman] loaded: /data/adb/modules/rezygisk/zygisk/truman/arm64-v8a.so
Sent root implementation and modules information to controller socket
exec tracer command: ./bin/zygisk-ptrace64 trace 1029 --restart
The ReZygisk Tracer 1.0.0

=== [zygisk-ptrace trace] pid=1059 epoch=1789948100 stdio redirected ===
start tracing 1029 (tracer 1059)
injecting /data/adb/modules/rezygisk/lib64/libzygisk.so to zygote 1029
handoff tracer: pid=1030 program=/system/bin/app_process32 tracer=./bin/zygisk-ptrace32 tango=no
Welcome to ReZygiskd32
=== [rezygiskd] pid=1060 epoch=1789948100 stdio redirected ===
KernelSU root implementation found (v3 ioctl).
KernelSU root implementation found.
Loading modules for architecture: armeabi-v7a
Built-in module [truman] loaded: /data/adb/modules/rezygisk/zygisk/truman/armeabi-v7a.so
Sent root implementation and modules information to controller socket
exec tracer command: ./bin/zygisk-ptrace32 trace 1030 --restart
The ReZygisk Tracer 1.0.0

=== [zygisk-ptrace trace] pid=1062 epoch=1789948100 stdio redirected ===
start tracing 1030 (tracer 1062)
injecting /data/adb/modules/rezygisk/lib/libzygisk.so to zygote 1030
status updated: Monitor: ✅, ReZygisk 64-bit: ⚠️, ReZygisk 32-bit: ⚠️
status updated: Monitor: ✅, ReZygisk 64-bit: ⚠️, ReZygisk 32-bit: ⚠️
Bypassing resolution of EH frame function: __deregister_frame
remote mapped /data/adb/modules/rezygisk/lib/libzygisk.so at 0xe8508000 (size 0x17000), entry 0xe850c0e4
process 1030 stopped by SIGCHLD, continue
remote mapped /data/adb/modules/rezygisk/lib64/libzygisk.so at 0x100000000 (size 0x181000), entry 0x1000ab2a8
cp request: action=0
Received Zygote32 injected command
status updated: Monitor: ✅, ReZygisk 64-bit: ⚠️, ReZygisk 32-bit: ✅
cp request: action=0
Received Zygote64 injected command
status updated: Monitor: ✅, ReZygisk 64-bit: ✅, ReZygisk 32-bit: ✅
client entry call returned 0x1
invoke entry
inject done, continuing process
client entry call returned 0x7a1eb5b684
invoke entry
inject done, continuing process
received SIGCONT, detaching zygote
received SIGCONT, detaching zygote
trace complete, zygote 1030 released
trace complete, zygote 1029 released
cp request: action=3
process 1774 received unknown sigchld_status 0x67f stopped by signal=ABRT(6),event=(no event)
process 1946 received unknown sigchld_status 0x67f stopped by signal=ABRT(6),event=(no event)
process 1949 received unknown sigchld_status 0x67f stopped by signal=ABRT(6),event=(no event)
cp request: action=1
cp request: action=7
[KSU] Unmounting root
[KSU] Unmounted /system/etc/hosts
cp request: action=1
cp request: action=7
process 3881 received unknown sigchld_status 0x7f00 exited with 127
