=== [zygisk-ptrace monitor] pid=999 epoch=10227 stdio redirected ===
ReZygisk 1.0.0
handoff tracer: pid=1078 program=/system/bin/app_process64 tracer=./bin/zygisk-ptrace64 tango=no
Service online (lp64)
=== [rezygiskd] pid=1092 epoch=1789953063 stdio redirected ===
KernelSU root implementation found (v3 ioctl).
KernelSU root implementation found.
Loading modules for architecture: arm64-v8a
Built-in module [truman] loaded: /data/adb/modules/rezygisk/zygisk/truman/arm64-v8a.so
Sent root implementation and modules information to controller socket
exec tracer command: ./bin/zygisk-ptrace64 trace 1078 --restart
tracer 1.0.0 online

=== [zygisk-ptrace trace] pid=1107 epoch=1789953063 stdio redirected ===
start tracing 1078 (tracer 1107)
injecting /data/adb/modules/rezygisk/lib64/libzygisk.so to zygote 1078
handoff tracer: pid=1079 program=/system/bin/app_process32 tracer=./bin/zygisk-ptrace32 tango=no
Service online (lp32)
=== [rezygiskd] pid=1109 epoch=1789953063 stdio redirected ===
KernelSU root implementation found (v3 ioctl).
KernelSU root implementation found.
Loading modules for architecture: armeabi-v7a
Built-in module [truman] loaded: /data/adb/modules/rezygisk/zygisk/truman/armeabi-v7a.so
Sent root implementation and modules information to controller socket
exec tracer command: ./bin/zygisk-ptrace32 trace 1079 --restart
tracer 1.0.0 online

=== [zygisk-ptrace trace] pid=1111 epoch=1789953063 stdio redirected ===
start tracing 1079 (tracer 1111)
injecting /data/adb/modules/rezygisk/lib/libzygisk.so to zygote 1079
status updated: Monitor: ✅, ReZygisk 64-bit: ⚠️, ReZygisk 32-bit: ⚠️
status updated: Monitor: ✅, ReZygisk 64-bit: ⚠️, ReZygisk 32-bit: ⚠️
remote mapped /data/adb/modules/rezygisk/lib64/libzygisk.so at 0x100000000 (size 0x191000), entry 0x1000bba04
cp request: action=0
Received Zygote64 injected command
status updated: Monitor: ✅, ReZygisk 64-bit: ✅, ReZygisk 32-bit: ⚠️
client entry call returned 0x7ec9773684
invoke entry
inject done, continuing process
received SIGCONT, detaching zygote
trace complete, zygote 1078 released
remote mapped /data/adb/modules/rezygisk/lib/libzygisk.so at 0xef4a7000 (size 0x119000), entry 0xef51ccad
cp request: action=0
Received Zygote32 injected command
status updated: Monitor: ✅, ReZygisk 64-bit: ✅, ReZygisk 32-bit: ✅
client entry call returned 0x1
invoke entry
inject done, continuing process
received SIGCONT, detaching zygote
trace complete, zygote 1079 released
process 1807 (program=/system/bin/init, cmdline="/system/bin/init second_stage") received unknown sigchld_status 0x67f stopped by signal=ABRT(6),event=(no event)
process 1970 (program=/system/bin/init, cmdline="/system/bin/init second_stage") received unknown sigchld_status 0x67f stopped by signal=ABRT(6),event=(no event)
process 1973 (program=/system/bin/init, cmdline="/system/bin/init second_stage") received unknown sigchld_status 0x67f stopped by signal=ABRT(6),event=(no event)
process 3991 (program=<unreadable>, cmdline="") received unknown sigchld_status 0x7f00 exited with 127
WATCHDOG: init is stopped with no pending event, resuming it
WATCHDOG: init is stopped with no pending event, resuming it
